       q_ts q_ts2
2016Q2    1     2
2016Q3    2     4
