variable : y_ts["2016"] 
class    : regts ts
period   : 2016
      
2016 1
