[1] "Coercing text to numeric in E8 / R8C5: '10.123'"
