  [1] "Expecting numeric in B3 / R3C2: got a date"    
  [2] "Expecting numeric in C3 / R3C3: got a date"    
  [3] "Expecting numeric in B4 / R4C2: got a date"    
  [4] "Expecting numeric in C4 / R4C3: got a date"    
  [5] "Expecting numeric in B5 / R5C2: got a date"    
  [6] "Expecting numeric in C5 / R5C3: got a date"    
  [7] "Expecting numeric in B6 / R6C2: got a date"    
  [8] "Expecting numeric in C6 / R6C3: got a date"    
  [9] "Expecting numeric in B7 / R7C2: got a date"    
 [10] "Expecting numeric in C7 / R7C3: got a date"    
 [11] "Expecting numeric in B8 / R8C2: got a date"    
 [12] "Expecting numeric in C8 / R8C3: got a date"    
 [13] "Expecting numeric in B9 / R9C2: got a date"    
 [14] "Expecting numeric in C9 / R9C3: got a date"    
 [15] "Expecting numeric in B10 / R10C2: got a date"  
 [16] "Expecting numeric in C10 / R10C3: got a date"  
 [17] "Expecting numeric in B11 / R11C2: got a date"  
 [18] "Expecting numeric in C11 / R11C3: got a date"  
 [19] "Expecting numeric in B12 / R12C2: got a date"  
 [20] "Expecting numeric in C12 / R12C3: got a date"  
 [21] "Expecting numeric in B13 / R13C2: got a date"  
 [22] "Expecting numeric in C13 / R13C3: got a date"  
 [23] "Expecting numeric in B14 / R14C2: got a date"  
 [24] "Expecting numeric in C14 / R14C3: got a date"  
 [25] "Expecting numeric in B15 / R15C2: got a date"  
 [26] "Expecting numeric in C15 / R15C3: got a date"  
 [27] "Expecting numeric in B16 / R16C2: got a date"  
 [28] "Expecting numeric in C16 / R16C3: got a date"  
 [29] "Expecting numeric in B17 / R17C2: got a date"  
 [30] "Expecting numeric in C17 / R17C3: got a date"  
 [31] "Expecting numeric in B18 / R18C2: got a date"  
 [32] "Expecting numeric in C18 / R18C3: got a date"  
 [33] "Expecting numeric in B19 / R19C2: got a date"  
 [34] "Expecting numeric in C19 / R19C3: got a date"  
 [35] "Expecting numeric in B20 / R20C2: got a date"  
 [36] "Expecting numeric in C20 / R20C3: got a date"  
 [37] "Expecting numeric in B21 / R21C2: got a date"  
 [38] "Expecting numeric in C21 / R21C3: got a date"  
 [39] "Expecting numeric in B22 / R22C2: got a date"  
 [40] "Expecting numeric in C22 / R22C3: got a date"  
 [41] "Expecting numeric in B23 / R23C2: got a date"  
 [42] "Expecting numeric in C23 / R23C3: got a date"  
 [43] "Expecting numeric in B24 / R24C2: got a date"  
 [44] "Expecting numeric in C24 / R24C3: got a date"  
 [45] "Expecting numeric in B25 / R25C2: got a date"  
 [46] "Expecting numeric in C25 / R25C3: got a date"  
 [47] "Expecting numeric in B26 / R26C2: got a date"  
 [48] "Expecting numeric in C26 / R26C3: got a date"  
 [49] "Expecting numeric in B27 / R27C2: got a date"  
 [50] "Expecting numeric in C27 / R27C3: got a date"  
 [51] "Expecting numeric in B28 / R28C2: got a date"  
 [52] "Expecting numeric in C28 / R28C3: got a date"  
 [53] "Expecting numeric in B29 / R29C2: got a date"  
 [54] "Expecting numeric in C29 / R29C3: got a date"  
 [55] "Expecting numeric in B30 / R30C2: got a date"  
 [56] "Expecting numeric in C30 / R30C3: got a date"  
 [57] "Expecting numeric in B31 / R31C2: got a date"  
 [58] "Expecting numeric in C31 / R31C3: got a date"  
 [59] "Expecting numeric in B32 / R32C2: got a date"  
 [60] "Expecting numeric in C32 / R32C3: got a date"  
 [61] "Expecting numeric in B33 / R33C2: got a date"  
 [62] "Expecting numeric in C33 / R33C3: got a date"  
 [63] "Expecting numeric in B34 / R34C2: got a date"  
 [64] "Expecting numeric in C34 / R34C3: got a date"  
 [65] "Expecting numeric in B35 / R35C2: got a date"  
 [66] "Expecting numeric in C35 / R35C3: got a date"  
 [67] "Expecting numeric in B36 / R36C2: got a date"  
 [68] "Expecting numeric in C36 / R36C3: got a date"  
 [69] "Expecting numeric in B37 / R37C2: got a date"  
 [70] "Expecting numeric in C37 / R37C3: got a date"  
 [71] "Expecting numeric in B38 / R38C2: got a date"  
 [72] "Expecting numeric in C38 / R38C3: got a date"  
 [73] "Expecting numeric in B39 / R39C2: got a date"  
 [74] "Expecting numeric in C39 / R39C3: got a date"  
 [75] "Expecting numeric in B40 / R40C2: got a date"  
 [76] "Expecting numeric in C40 / R40C3: got a date"  
 [77] "Expecting numeric in B41 / R41C2: got a date"  
 [78] "Expecting numeric in C41 / R41C3: got a date"  
 [79] "Expecting numeric in B42 / R42C2: got a date"  
 [80] "Expecting numeric in C42 / R42C3: got a date"  
 [81] "Expecting numeric in B43 / R43C2: got a date"  
 [82] "Expecting numeric in C43 / R43C3: got a date"  
 [83] "Expecting numeric in B44 / R44C2: got a date"  
 [84] "Expecting numeric in C44 / R44C3: got a date"  
 [85] "Expecting numeric in B45 / R45C2: got a date"  
 [86] "Expecting numeric in C45 / R45C3: got a date"  
 [87] "Expecting numeric in B46 / R46C2: got a date"  
 [88] "Expecting numeric in C46 / R46C3: got a date"  
 [89] "Expecting numeric in B47 / R47C2: got a date"  
 [90] "Expecting numeric in C47 / R47C3: got a date"  
 [91] "Expecting numeric in B48 / R48C2: got a date"  
 [92] "Expecting numeric in C48 / R48C3: got a date"  
 [93] "Expecting numeric in B49 / R49C2: got a date"  
 [94] "Expecting numeric in C49 / R49C3: got a date"  
 [95] "Expecting numeric in B50 / R50C2: got a date"  
 [96] "Expecting numeric in C50 / R50C3: got a date"  
 [97] "Expecting numeric in B51 / R51C2: got a date"  
 [98] "Expecting numeric in C51 / R51C3: got a date"  
 [99] "Expecting numeric in B52 / R52C2: got a date"  
[100] "Expecting numeric in C52 / R52C3: got a date"  
[101] "Expecting numeric in B53 / R53C2: got a date"  
[102] "Expecting numeric in C53 / R53C3: got a date"  
[103] "Expecting numeric in B54 / R54C2: got a date"  
[104] "Expecting numeric in C54 / R54C3: got a date"  
[105] "Expecting numeric in B55 / R55C2: got a date"  
[106] "Expecting numeric in C55 / R55C3: got a date"  
[107] "Expecting numeric in B56 / R56C2: got a date"  
[108] "Expecting numeric in C56 / R56C3: got a date"  
[109] "Expecting numeric in B57 / R57C2: got a date"  
[110] "Expecting numeric in C57 / R57C3: got a date"  
[111] "Expecting numeric in B58 / R58C2: got a date"  
[112] "Expecting numeric in C58 / R58C3: got a date"  
[113] "Expecting numeric in B59 / R59C2: got a date"  
[114] "Expecting numeric in C59 / R59C3: got a date"  
[115] "Expecting numeric in B60 / R60C2: got a date"  
[116] "Expecting numeric in C60 / R60C3: got a date"  
[117] "Expecting numeric in B61 / R61C2: got a date"  
[118] "Expecting numeric in C61 / R61C3: got a date"  
[119] "Expecting numeric in B62 / R62C2: got a date"  
[120] "Expecting numeric in C62 / R62C3: got a date"  
[121] "Expecting numeric in B63 / R63C2: got a date"  
[122] "Expecting numeric in C63 / R63C3: got a date"  
[123] "Expecting numeric in B64 / R64C2: got a date"  
[124] "Expecting numeric in C64 / R64C3: got a date"  
[125] "Expecting numeric in B65 / R65C2: got a date"  
[126] "Expecting numeric in C65 / R65C3: got a date"  
[127] "Expecting numeric in B66 / R66C2: got a date"  
[128] "Expecting numeric in C66 / R66C3: got a date"  
[129] "Expecting numeric in B67 / R67C2: got a date"  
[130] "Expecting numeric in C67 / R67C3: got a date"  
[131] "Expecting numeric in B68 / R68C2: got a date"  
[132] "Expecting numeric in C68 / R68C3: got a date"  
[133] "Expecting numeric in B69 / R69C2: got a date"  
[134] "Expecting numeric in C69 / R69C3: got a date"  
[135] "Expecting numeric in B70 / R70C2: got a date"  
[136] "Expecting numeric in C70 / R70C3: got a date"  
[137] "Expecting numeric in B71 / R71C2: got a date"  
[138] "Expecting numeric in C71 / R71C3: got a date"  
[139] "Expecting numeric in B72 / R72C2: got a date"  
[140] "Expecting numeric in C72 / R72C3: got a date"  
[141] "Expecting numeric in B73 / R73C2: got a date"  
[142] "Expecting numeric in C73 / R73C3: got a date"  
[143] "Expecting numeric in B74 / R74C2: got a date"  
[144] "Expecting numeric in C74 / R74C3: got a date"  
[145] "Expecting numeric in B75 / R75C2: got a date"  
[146] "Expecting numeric in C75 / R75C3: got a date"  
[147] "Expecting numeric in B76 / R76C2: got a date"  
[148] "Expecting numeric in C76 / R76C3: got a date"  
[149] "Expecting numeric in B77 / R77C2: got a date"  
[150] "Expecting numeric in C77 / R77C3: got a date"  
[151] "Expecting numeric in B78 / R78C2: got a date"  
[152] "Expecting numeric in C78 / R78C3: got a date"  
[153] "Expecting numeric in B79 / R79C2: got a date"  
[154] "Expecting numeric in C79 / R79C3: got a date"  
[155] "Expecting numeric in B80 / R80C2: got a date"  
[156] "Expecting numeric in C80 / R80C3: got a date"  
[157] "Expecting numeric in B81 / R81C2: got a date"  
[158] "Expecting numeric in C81 / R81C3: got a date"  
[159] "Expecting numeric in B82 / R82C2: got a date"  
[160] "Expecting numeric in C82 / R82C3: got a date"  
[161] "Expecting numeric in B83 / R83C2: got a date"  
[162] "Expecting numeric in C83 / R83C3: got a date"  
[163] "Expecting numeric in B84 / R84C2: got a date"  
[164] "Expecting numeric in C84 / R84C3: got a date"  
[165] "Expecting numeric in B85 / R85C2: got a date"  
[166] "Expecting numeric in C85 / R85C3: got a date"  
[167] "Expecting numeric in B86 / R86C2: got a date"  
[168] "Expecting numeric in C86 / R86C3: got a date"  
[169] "Expecting numeric in B87 / R87C2: got a date"  
[170] "Expecting numeric in C87 / R87C3: got a date"  
[171] "Expecting numeric in B88 / R88C2: got a date"  
[172] "Expecting numeric in C88 / R88C3: got a date"  
[173] "Expecting numeric in B89 / R89C2: got a date"  
[174] "Expecting numeric in C89 / R89C3: got a date"  
[175] "Expecting numeric in B90 / R90C2: got a date"  
[176] "Expecting numeric in C90 / R90C3: got a date"  
[177] "Expecting numeric in B91 / R91C2: got a date"  
[178] "Expecting numeric in C91 / R91C3: got a date"  
[179] "Expecting numeric in B92 / R92C2: got a date"  
[180] "Expecting numeric in C92 / R92C3: got a date"  
[181] "Expecting numeric in B93 / R93C2: got a date"  
[182] "Expecting numeric in C93 / R93C3: got a date"  
[183] "Expecting numeric in B94 / R94C2: got a date"  
[184] "Expecting numeric in C94 / R94C3: got a date"  
[185] "Expecting numeric in B95 / R95C2: got a date"  
[186] "Expecting numeric in C95 / R95C3: got a date"  
[187] "Expecting numeric in B96 / R96C2: got a date"  
[188] "Expecting numeric in C96 / R96C3: got a date"  
[189] "Expecting numeric in B97 / R97C2: got a date"  
[190] "Expecting numeric in C97 / R97C3: got a date"  
[191] "Expecting numeric in B98 / R98C2: got a date"  
[192] "Expecting numeric in C98 / R98C3: got a date"  
[193] "Expecting numeric in B99 / R99C2: got a date"  
[194] "Expecting numeric in C99 / R99C3: got a date"  
[195] "Expecting numeric in B100 / R100C2: got a date"
[196] "Expecting numeric in C100 / R100C3: got a date"
[197] "Expecting numeric in B101 / R101C2: got a date"
[198] "Expecting numeric in C101 / R101C3: got a date"
[199] "Expecting numeric in B102 / R102C2: got a date"
[200] "Expecting numeric in C102 / R102C3: got a date"
[201] "Expecting numeric in B103 / R103C2: got a date"
[202] "Expecting numeric in C103 / R103C3: got a date"
[203] "Expecting numeric in B104 / R104C2: got a date"
[204] "Expecting numeric in C104 / R104C3: got a date"
[205] "Expecting numeric in B105 / R105C2: got a date"
[206] "Expecting numeric in C105 / R105C3: got a date"
[207] "Expecting numeric in B106 / R106C2: got a date"
[208] "Expecting numeric in C106 / R106C3: got a date"
[209] "Expecting numeric in B107 / R107C2: got a date"
[210] "Expecting numeric in C107 / R107C3: got a date"
[211] "Expecting numeric in B108 / R108C2: got a date"
[212] "Expecting numeric in C108 / R108C3: got a date"
[213] "Expecting numeric in B109 / R109C2: got a date"
[214] "Expecting numeric in C109 / R109C3: got a date"
[215] "Expecting numeric in B110 / R110C2: got a date"
[216] "Expecting numeric in C110 / R110C3: got a date"
[217] "Expecting numeric in B111 / R111C2: got a date"
[218] "Expecting numeric in C111 / R111C3: got a date"
[219] "Expecting numeric in B112 / R112C2: got a date"
[220] "Expecting numeric in C112 / R112C3: got a date"
[221] "Expecting numeric in B113 / R113C2: got a date"
[222] "Expecting numeric in C113 / R113C3: got a date"
[223] "Expecting numeric in B114 / R114C2: got a date"
[224] "Expecting numeric in C114 / R114C3: got a date"
[225] "Expecting numeric in B115 / R115C2: got a date"
[226] "Expecting numeric in C115 / R115C3: got a date"
[227] "Expecting numeric in B116 / R116C2: got a date"
[228] "Expecting numeric in C116 / R116C3: got a date"
[229] "Expecting numeric in B117 / R117C2: got a date"
[230] "Expecting numeric in C117 / R117C3: got a date"
[231] "Expecting numeric in B118 / R118C2: got a date"
[232] "Expecting numeric in C118 / R118C3: got a date"
[233] "Expecting numeric in B119 / R119C2: got a date"
[234] "Expecting numeric in C119 / R119C3: got a date"
[235] "Expecting numeric in B120 / R120C2: got a date"
[236] "Expecting numeric in C120 / R120C3: got a date"
[237] "Expecting numeric in B121 / R121C2: got a date"
[238] "Expecting numeric in C121 / R121C3: got a date"
[239] "Expecting numeric in B122 / R122C2: got a date"
[240] "Expecting numeric in C122 / R122C3: got a date"
[241] "Expecting numeric in B123 / R123C2: got a date"
[242] "Expecting numeric in C123 / R123C3: got a date"
[243] "Expecting numeric in B124 / R124C2: got a date"
[244] "Expecting numeric in C124 / R124C3: got a date"
[245] "Expecting numeric in B125 / R125C2: got a date"
[246] "Expecting numeric in C125 / R125C3: got a date"
[247] "Expecting numeric in B126 / R126C2: got a date"
[248] "Expecting numeric in C126 / R126C3: got a date"
[249] "Expecting numeric in B127 / R127C2: got a date"
[250] "Expecting numeric in C127 / R127C3: got a date"
[251] "Expecting numeric in B128 / R128C2: got a date"
[252] "Expecting numeric in C128 / R128C3: got a date"
[253] "Expecting numeric in B129 / R129C2: got a date"
[254] "Expecting numeric in C129 / R129C3: got a date"
[255] "Expecting numeric in B130 / R130C2: got a date"
[256] "Expecting numeric in C130 / R130C3: got a date"
[257] "Expecting numeric in B131 / R131C2: got a date"
[258] "Expecting numeric in C131 / R131C3: got a date"
[259] "Expecting numeric in B132 / R132C2: got a date"
[260] "Expecting numeric in C132 / R132C3: got a date"
[261] "Expecting numeric in B133 / R133C2: got a date"
[262] "Expecting numeric in C133 / R133C3: got a date"
[263] "Expecting numeric in B134 / R134C2: got a date"
[264] "Expecting numeric in C134 / R134C3: got a date"
[265] "Expecting numeric in B135 / R135C2: got a date"
[266] "Expecting numeric in C135 / R135C3: got a date"
[267] "Expecting numeric in B136 / R136C2: got a date"
[268] "Expecting numeric in C136 / R136C3: got a date"
[269] "Expecting numeric in B137 / R137C2: got a date"
[270] "Expecting numeric in C137 / R137C3: got a date"
[271] "Expecting numeric in B138 / R138C2: got a date"
[272] "Expecting numeric in C138 / R138C3: got a date"
[273] "Expecting numeric in B139 / R139C2: got a date"
[274] "Expecting numeric in C139 / R139C3: got a date"
[275] "Expecting numeric in B140 / R140C2: got a date"
[276] "Expecting numeric in C140 / R140C3: got a date"
[277] "Expecting numeric in B141 / R141C2: got a date"
[278] "Expecting numeric in C141 / R141C3: got a date"
[279] "Expecting numeric in B142 / R142C2: got a date"
[280] "Expecting numeric in C142 / R142C3: got a date"
[281] "Expecting numeric in B143 / R143C2: got a date"
[282] "Expecting numeric in C143 / R143C3: got a date"
[283] "Expecting numeric in B144 / R144C2: got a date"
[284] "Expecting numeric in C144 / R144C3: got a date"
[285] "Expecting numeric in B145 / R145C2: got a date"
[286] "Expecting numeric in C145 / R145C3: got a date"
[287] "Expecting numeric in B146 / R146C2: got a date"
[288] "Expecting numeric in C146 / R146C3: got a date"
[289] "Expecting numeric in B147 / R147C2: got a date"
[290] "Expecting numeric in C147 / R147C3: got a date"
[291] "Expecting numeric in B148 / R148C2: got a date"
[292] "Expecting numeric in C148 / R148C3: got a date"
[293] "Expecting numeric in B149 / R149C2: got a date"
[294] "Expecting numeric in C149 / R149C3: got a date"
[295] "Expecting numeric in B150 / R150C2: got a date"
[296] "Expecting numeric in C150 / R150C3: got a date"
[297] "Expecting numeric in B151 / R151C2: got a date"
[298] "Expecting numeric in C151 / R151C3: got a date"
[299] "Expecting numeric in B152 / R152C2: got a date"
[300] "Expecting numeric in C152 / R152C3: got a date"
[301] "Expecting numeric in B153 / R153C2: got a date"
[302] "Expecting numeric in C153 / R153C3: got a date"
[303] "Expecting numeric in B154 / R154C2: got a date"
[304] "Expecting numeric in C154 / R154C3: got a date"
[305] "Expecting numeric in B155 / R155C2: got a date"
[306] "Expecting numeric in C155 / R155C3: got a date"
[307] "Expecting numeric in B156 / R156C2: got a date"
[308] "Expecting numeric in C156 / R156C3: got a date"
[309] "Expecting numeric in B157 / R157C2: got a date"
[310] "Expecting numeric in C157 / R157C3: got a date"
[311] "Expecting numeric in B158 / R158C2: got a date"
[312] "Expecting numeric in C158 / R158C3: got a date"
[313] "Expecting numeric in B159 / R159C2: got a date"
[314] "Expecting numeric in C159 / R159C3: got a date"
[315] "Expecting numeric in B160 / R160C2: got a date"
[316] "Expecting numeric in C160 / R160C3: got a date"
[317] "Expecting numeric in B161 / R161C2: got a date"
[318] "Expecting numeric in C161 / R161C3: got a date"
[319] "Expecting numeric in B162 / R162C2: got a date"
[320] "Expecting numeric in C162 / R162C3: got a date"
[321] "Expecting numeric in B163 / R163C2: got a date"
[322] "Expecting numeric in C163 / R163C3: got a date"
[323] "Expecting numeric in B164 / R164C2: got a date"
[324] "Expecting numeric in C164 / R164C3: got a date"
[325] "Expecting numeric in B165 / R165C2: got a date"
[326] "Expecting numeric in C165 / R165C3: got a date"
[327] "Expecting numeric in B166 / R166C2: got a date"
[328] "Expecting numeric in C166 / R166C3: got a date"
[329] "Expecting numeric in B167 / R167C2: got a date"
[330] "Expecting numeric in C167 / R167C3: got a date"
[331] "Expecting numeric in B168 / R168C2: got a date"
[332] "Expecting numeric in C168 / R168C3: got a date"
[333] "Expecting numeric in B169 / R169C2: got a date"
[334] "Expecting numeric in C169 / R169C3: got a date"
[335] "Expecting numeric in B170 / R170C2: got a date"
[336] "Expecting numeric in C170 / R170C3: got a date"
[337] "Expecting numeric in B171 / R171C2: got a date"
[338] "Expecting numeric in C171 / R171C3: got a date"
[339] "Expecting numeric in B172 / R172C2: got a date"
[340] "Expecting numeric in C172 / R172C3: got a date"
[341] "Expecting numeric in B173 / R173C2: got a date"
[342] "Expecting numeric in C173 / R173C3: got a date"
[343] "Expecting numeric in B174 / R174C2: got a date"
[344] "Expecting numeric in C174 / R174C3: got a date"
[345] "Expecting numeric in B175 / R175C2: got a date"
[346] "Expecting numeric in C175 / R175C3: got a date"
[347] "Expecting numeric in B176 / R176C2: got a date"
[348] "Expecting numeric in C176 / R176C3: got a date"
[349] "Expecting numeric in B177 / R177C2: got a date"
[350] "Expecting numeric in C177 / R177C3: got a date"
[351] "Expecting numeric in B178 / R178C2: got a date"
[352] "Expecting numeric in C178 / R178C3: got a date"
[353] "Expecting numeric in B179 / R179C2: got a date"
[354] "Expecting numeric in C179 / R179C3: got a date"
[355] "Expecting numeric in B180 / R180C2: got a date"
[356] "Expecting numeric in C180 / R180C3: got a date"
[357] "Expecting numeric in B181 / R181C2: got a date"
[358] "Expecting numeric in C181 / R181C3: got a date"
[359] "Expecting numeric in B182 / R182C2: got a date"
[360] "Expecting numeric in C182 / R182C3: got a date"
[361] "Expecting numeric in B183 / R183C2: got a date"
[362] "Expecting numeric in C183 / R183C3: got a date"
[363] "Expecting numeric in B184 / R184C2: got a date"
[364] "Expecting numeric in C184 / R184C3: got a date"
[365] "Expecting numeric in B185 / R185C2: got a date"
[366] "Expecting numeric in C185 / R185C3: got a date"
[367] "Expecting numeric in B186 / R186C2: got a date"
[368] "Expecting numeric in C186 / R186C3: got a date"
[369] "Expecting numeric in B187 / R187C2: got a date"
[370] "Expecting numeric in C187 / R187C3: got a date"
[371] "Expecting numeric in B188 / R188C2: got a date"
[372] "Expecting numeric in C188 / R188C3: got a date"
[373] "Expecting numeric in B189 / R189C2: got a date"
[374] "Expecting numeric in C189 / R189C3: got a date"
[375] "Expecting numeric in B190 / R190C2: got a date"
[376] "Expecting numeric in C190 / R190C3: got a date"
[377] "Expecting numeric in B191 / R191C2: got a date"
[378] "Expecting numeric in C191 / R191C3: got a date"
[379] "Expecting numeric in B192 / R192C2: got a date"
[380] "Expecting numeric in C192 / R192C3: got a date"
[381] "Expecting numeric in B193 / R193C2: got a date"
[382] "Expecting numeric in C193 / R193C3: got a date"
[383] "Expecting numeric in B194 / R194C2: got a date"
[384] "Expecting numeric in C194 / R194C3: got a date"
[385] "Expecting numeric in B195 / R195C2: got a date"
[386] "Expecting numeric in C195 / R195C3: got a date"
[387] "Expecting numeric in B196 / R196C2: got a date"
[388] "Expecting numeric in C196 / R196C3: got a date"
[389] "Expecting numeric in B197 / R197C2: got a date"
[390] "Expecting numeric in C197 / R197C3: got a date"
[391] "Expecting numeric in B198 / R198C2: got a date"
[392] "Expecting numeric in C198 / R198C3: got a date"
[393] "Expecting numeric in B199 / R199C2: got a date"
[394] "Expecting numeric in C199 / R199C3: got a date"
[395] "Expecting numeric in B200 / R200C2: got a date"
[396] "Expecting numeric in C200 / R200C3: got a date"
[397] "Expecting numeric in B201 / R201C2: got a date"
[398] "Expecting numeric in C201 / R201C3: got a date"
[399] "Expecting numeric in B202 / R202C2: got a date"
[400] "Expecting numeric in C202 / R202C3: got a date"
[401] "Expecting numeric in B203 / R203C2: got a date"
[402] "Expecting numeric in C203 / R203C3: got a date"
[403] "Expecting numeric in B204 / R204C2: got a date"
[404] "Expecting numeric in C204 / R204C3: got a date"
[405] "Expecting numeric in B205 / R205C2: got a date"
[406] "Expecting numeric in C205 / R205C3: got a date"
[407] "Expecting numeric in B206 / R206C2: got a date"
[408] "Expecting numeric in C206 / R206C3: got a date"
[409] "Expecting numeric in B207 / R207C2: got a date"
[410] "Expecting numeric in C207 / R207C3: got a date"
[411] "Expecting numeric in B208 / R208C2: got a date"
[412] "Expecting numeric in C208 / R208C3: got a date"
[413] "Expecting numeric in B209 / R209C2: got a date"
[414] "Expecting numeric in C209 / R209C3: got a date"
[415] "Expecting numeric in B210 / R210C2: got a date"
[416] "Expecting numeric in C210 / R210C3: got a date"
[417] "Expecting numeric in B211 / R211C2: got a date"
[418] "Expecting numeric in C211 / R211C3: got a date"
[419] "Expecting numeric in B212 / R212C2: got a date"
[420] "Expecting numeric in C212 / R212C3: got a date"
[421] "Expecting numeric in B213 / R213C2: got a date"
[422] "Expecting numeric in C213 / R213C3: got a date"
[423] "Expecting numeric in B214 / R214C2: got a date"
[424] "Expecting numeric in C214 / R214C3: got a date"
[425] "Expecting numeric in B215 / R215C2: got a date"
[426] "Expecting numeric in C215 / R215C3: got a date"
[427] "Expecting numeric in B216 / R216C2: got a date"
[428] "Expecting numeric in C216 / R216C3: got a date"
[429] "Expecting numeric in B217 / R217C2: got a date"
[430] "Expecting numeric in C217 / R217C3: got a date"
[431] "Expecting numeric in B218 / R218C2: got a date"
[432] "Expecting numeric in C218 / R218C3: got a date"
[433] "Expecting numeric in B219 / R219C2: got a date"
[434] "Expecting numeric in C219 / R219C3: got a date"
[435] "Expecting numeric in B220 / R220C2: got a date"
[436] "Expecting numeric in C220 / R220C3: got a date"
[437] "Expecting numeric in B221 / R221C2: got a date"
[438] "Expecting numeric in C221 / R221C3: got a date"
[439] "Expecting numeric in B222 / R222C2: got a date"
[440] "Expecting numeric in C222 / R222C3: got a date"
[441] "Expecting numeric in B223 / R223C2: got a date"
[442] "Expecting numeric in C223 / R223C3: got a date"
[443] "Expecting numeric in B224 / R224C2: got a date"
[444] "Expecting numeric in C224 / R224C3: got a date"
[445] "Expecting numeric in B225 / R225C2: got a date"
[446] "Expecting numeric in C225 / R225C3: got a date"
[447] "Expecting numeric in B226 / R226C2: got a date"
[448] "Expecting numeric in C226 / R226C3: got a date"
[449] "Expecting numeric in B227 / R227C2: got a date"
[450] "Expecting numeric in C227 / R227C3: got a date"
[451] "Expecting numeric in B228 / R228C2: got a date"
[452] "Expecting numeric in C228 / R228C3: got a date"
[453] "Expecting numeric in B229 / R229C2: got a date"
[454] "Expecting numeric in C229 / R229C3: got a date"
[455] "Expecting numeric in B230 / R230C2: got a date"
[456] "Expecting numeric in C230 / R230C3: got a date"
[457] "Expecting numeric in B231 / R231C2: got a date"
[458] "Expecting numeric in C231 / R231C3: got a date"
[459] "Expecting numeric in B232 / R232C2: got a date"
[460] "Expecting numeric in C232 / R232C3: got a date"
